../GPS_Handle/GPS_Handle.c:37:6:Ringbuf_init	4	static
../GPS_Handle/GPS_Handle.c:49:6:store_char	24	static
../GPS_Handle/GPS_Handle.c:65:12:check_for	32	static
../GPS_Handle/GPS_Handle.c:98:5:Uart_read	16	static
../GPS_Handle/GPS_Handle.c:115:6:Uart_write	24	static
../GPS_Handle/GPS_Handle.c:131:5:IsDataAvailable	4	static
../GPS_Handle/GPS_Handle.c:138:6:Uart_sendstring	16	static
../GPS_Handle/GPS_Handle.c:143:6:GetDataFromBuffer	56	static
../GPS_Handle/GPS_Handle.c:200:6:Uart_flush	8	static
../GPS_Handle/GPS_Handle.c:207:5:Uart_peek	4	static
../GPS_Handle/GPS_Handle.c:225:5:Copy_upto	32	static
../GPS_Handle/GPS_Handle.c:263:5:Get_after	32	static
../GPS_Handle/GPS_Handle.c:279:5:Wait_for	24	static
../GPS_Handle/GPS_Handle.c:324:6:Uart_isr	32	static
